
> prebuild
> npm run typecheck


> typecheck
> node node_modules/typescript/bin/tsc --noEmit

